org/serviceproject/students/service/StudentServiceTest.class
org/serviceproject/ServiceProjectApplicationTest.class
org/serviceproject/search/controller/SearchControllerTest.class
org/serviceproject/archive/service/ArchiveServiceTest.class
org/serviceproject/auth/service/AuthServiceTest.class
org/serviceproject/selffollowup/controller/SelfFollowUpControllerTest.class
org/serviceproject/weeks/service/WeekServiceTest.class
org/serviceproject/common/util/DateUtilTest.class
org/serviceproject/audit/service/AuditServiceTest.class
org/serviceproject/visits/service/VisitServiceTest.class
org/serviceproject/common/exception/AppExceptionTest.class
org/serviceproject/audit/listener/AuditEventListenerTest.class
org/serviceproject/selffollowup/service/SelfFollowUpServiceTest.class
org/serviceproject/common/security/JwtProviderTest.class
org/serviceproject/users/service/UserServiceTest.class
org/serviceproject/settings/service/SettingsServiceTest.class
org/serviceproject/ministries/service/MinistryServiceTest.class
org/serviceproject/archive/controller/ArchiveControllerTest.class
org/serviceproject/staff/service/ServantServiceTest.class
org/serviceproject/classes/service/GradeClassServiceTest.class
org/serviceproject/common/exception/GlobalExceptionHandlerTest.class
org/serviceproject/notifications/controller/NotificationControllerTest.class
org/serviceproject/settings/controller/SettingsControllerTest.class
org/serviceproject/academic/service/PromotionMappingServiceTest.class
org/serviceproject/academic/service/PromotionServiceTest.class
org/serviceproject/common/security/UserPrincipalTest.class
org/serviceproject/notifications/scheduler/ReminderSchedulerTest.class
org/serviceproject/attendance/service/AttendanceServiceTest.class
org/serviceproject/reports/controller/ReportControllerTest.class
org/serviceproject/confession/service/ConfessionServiceTest.class
org/serviceproject/search/service/SearchServiceTest.class
org/serviceproject/notifications/service/NotificationServiceTest.class
org/serviceproject/reports/service/ReportServiceTest.class
org/serviceproject/academic/service/AcademicYearServiceTest.class
org/serviceproject/statistics/service/StatisticsServiceTest.class
org/serviceproject/common/util/CsvUtilTest.class
org/serviceproject/common/dto/ApiErrorTest.class
