/home/peter/IdeaProjects/service-project/src/test/java/org/serviceproject/ServiceProjectApplicationTest.java
/home/peter/IdeaProjects/service-project/src/test/java/org/serviceproject/academic/service/AcademicYearServiceTest.java
/home/peter/IdeaProjects/service-project/src/test/java/org/serviceproject/academic/service/PromotionMappingServiceTest.java
/home/peter/IdeaProjects/service-project/src/test/java/org/serviceproject/academic/service/PromotionServiceTest.java
/home/peter/IdeaProjects/service-project/src/test/java/org/serviceproject/archive/controller/ArchiveControllerTest.java
/home/peter/IdeaProjects/service-project/src/test/java/org/serviceproject/archive/service/ArchiveServiceTest.java
/home/peter/IdeaProjects/service-project/src/test/java/org/serviceproject/attendance/service/AttendanceServiceTest.java
/home/peter/IdeaProjects/service-project/src/test/java/org/serviceproject/audit/listener/AuditEventListenerTest.java
/home/peter/IdeaProjects/service-project/src/test/java/org/serviceproject/audit/service/AuditServiceTest.java
/home/peter/IdeaProjects/service-project/src/test/java/org/serviceproject/auth/service/AuthServiceTest.java
/home/peter/IdeaProjects/service-project/src/test/java/org/serviceproject/classes/service/GradeClassServiceTest.java
/home/peter/IdeaProjects/service-project/src/test/java/org/serviceproject/common/dto/ApiErrorTest.java
/home/peter/IdeaProjects/service-project/src/test/java/org/serviceproject/common/exception/AppExceptionTest.java
/home/peter/IdeaProjects/service-project/src/test/java/org/serviceproject/common/exception/GlobalExceptionHandlerTest.java
/home/peter/IdeaProjects/service-project/src/test/java/org/serviceproject/common/security/JwtProviderTest.java
/home/peter/IdeaProjects/service-project/src/test/java/org/serviceproject/common/security/UserPrincipalTest.java
/home/peter/IdeaProjects/service-project/src/test/java/org/serviceproject/common/util/CsvUtilTest.java
/home/peter/IdeaProjects/service-project/src/test/java/org/serviceproject/common/util/DateUtilTest.java
/home/peter/IdeaProjects/service-project/src/test/java/org/serviceproject/confession/service/ConfessionServiceTest.java
/home/peter/IdeaProjects/service-project/src/test/java/org/serviceproject/ministries/service/MinistryServiceTest.java
/home/peter/IdeaProjects/service-project/src/test/java/org/serviceproject/notifications/controller/NotificationControllerTest.java
/home/peter/IdeaProjects/service-project/src/test/java/org/serviceproject/notifications/scheduler/ReminderSchedulerTest.java
/home/peter/IdeaProjects/service-project/src/test/java/org/serviceproject/notifications/service/NotificationServiceTest.java
/home/peter/IdeaProjects/service-project/src/test/java/org/serviceproject/reports/controller/ReportControllerTest.java
/home/peter/IdeaProjects/service-project/src/test/java/org/serviceproject/reports/service/ReportServiceTest.java
/home/peter/IdeaProjects/service-project/src/test/java/org/serviceproject/search/controller/SearchControllerTest.java
/home/peter/IdeaProjects/service-project/src/test/java/org/serviceproject/search/service/SearchServiceTest.java
/home/peter/IdeaProjects/service-project/src/test/java/org/serviceproject/selffollowup/controller/SelfFollowUpControllerTest.java
/home/peter/IdeaProjects/service-project/src/test/java/org/serviceproject/selffollowup/service/SelfFollowUpServiceTest.java
/home/peter/IdeaProjects/service-project/src/test/java/org/serviceproject/settings/controller/SettingsControllerTest.java
/home/peter/IdeaProjects/service-project/src/test/java/org/serviceproject/settings/service/SettingsServiceTest.java
/home/peter/IdeaProjects/service-project/src/test/java/org/serviceproject/staff/service/ServantServiceTest.java
/home/peter/IdeaProjects/service-project/src/test/java/org/serviceproject/statistics/service/StatisticsServiceTest.java
/home/peter/IdeaProjects/service-project/src/test/java/org/serviceproject/students/service/StudentServiceTest.java
/home/peter/IdeaProjects/service-project/src/test/java/org/serviceproject/users/service/UserServiceTest.java
/home/peter/IdeaProjects/service-project/src/test/java/org/serviceproject/visits/service/VisitServiceTest.java
/home/peter/IdeaProjects/service-project/src/test/java/org/serviceproject/weeks/service/WeekServiceTest.java
