org/serviceproject/students/dto/BatchMoveClassRequest.class
org/serviceproject/selffollowup/dto/SelfFollowUpCurrentWeekResponse.class
org/serviceproject/search/dto/SearchResultResponse.class
org/serviceproject/settings/dto/PublicSettingsResponse.class
org/serviceproject/statistics/controller/StatisticsController.class
org/serviceproject/users/entity/UserRole.class
org/serviceproject/users/dto/AssignRolesRequest$RoleAssignment.class
org/serviceproject/reports/dto/VisitReportFilter.class
org/serviceproject/reports/dto/AttendanceReportFilter.class
org/serviceproject/archive/dto/ArchiveSummaryResponse.class
org/serviceproject/students/dto/BatchAssignServantRequest.class
org/serviceproject/notifications/mapper/NotificationMapper.class
org/serviceproject/attendance/dto/AttendanceSessionResponse.class
org/serviceproject/users/dto/CreateUserForPersonRequest.class
org/serviceproject/academic/repository/AcademicYearRepository.class
org/serviceproject/auth/dto/LoginResponse.class
org/serviceproject/notifications/mapper/NotificationMapperImpl.class
org/serviceproject/audit/controller/AuditLogController.class
org/serviceproject/common/security/SecurityConfig.class
org/serviceproject/attendance/service/AttendanceService.class
org/serviceproject/audit/dto/AuditLogFilter.class
org/serviceproject/attendance/dto/BatchToggleAttendanceRequest.class
org/serviceproject/notifications/dto/UnreadCountResponse.class
org/serviceproject/classes/controller/GradeClassController.class
org/serviceproject/users/repository/PersonRepository.class
org/serviceproject/academic/controller/AcademicYearController.class
org/serviceproject/ServiceProjectApplication.class
org/serviceproject/selffollowup/entity/ServantWeeklyFollowUp.class
org/serviceproject/academic/entity/PromotionRun.class
org/serviceproject/notifications/controller/NotificationController.class
org/serviceproject/academic/dto/PromotionMappingResponse.class
org/serviceproject/users/dto/ResetPasswordRequest.class
org/serviceproject/users/entity/Gender.class
org/serviceproject/audit/event/AuditEvent.class
org/serviceproject/common/config/JwtProperties.class
org/serviceproject/common/exception/GlobalExceptionHandler.class
org/serviceproject/academic/service/AcademicYearService.class
org/serviceproject/audit/entity/AuditAction.class
org/serviceproject/notifications/scheduler/ReminderScheduler.class
org/serviceproject/weeks/dto/WeekRequest.class
org/serviceproject/settings/entity/SystemSetting.class
org/serviceproject/common/security/JwtProvider.class
org/serviceproject/attendance/entity/AttendanceRecord.class
org/serviceproject/reports/dto/StudentReportFilter.class
org/serviceproject/users/controller/UserController.class
org/serviceproject/reports/controller/ReportController.class
org/serviceproject/staff/dto/UpdateServantRequest.class
org/serviceproject/weeks/dto/WeekResponse.class
org/serviceproject/statistics/dto/AdminSetupResponse$ConfigurationWarning.class
org/serviceproject/statistics/dto/ServantStatisticsResponse.class
org/serviceproject/classes/dto/GradeClassRequest.class
org/serviceproject/settings/controller/SettingsController.class
org/serviceproject/common/util/DateUtil.class
org/serviceproject/visits/controller/VisitController.class
org/serviceproject/students/dto/ChangeAssignmentRequest.class
org/serviceproject/statistics/dto/StudentStatisticsResponse$StudentRecentVisitSummary.class
org/serviceproject/attendance/entity/ActivityType.class
org/serviceproject/auth/dto/RoleInfo.class
org/serviceproject/visits/service/VisitService.class
org/serviceproject/users/dto/UserResponse.class
org/serviceproject/ministries/dto/AssignSecretaryRequest.class
org/serviceproject/academic/dto/AcademicYearResponse.class
org/serviceproject/users/entity/Person.class
org/serviceproject/attendance/repository/AttendanceSessionRepository.class
org/serviceproject/archive/controller/ArchiveController.class
org/serviceproject/students/entity/StudentPlacement.class
org/serviceproject/statistics/dto/AdminSetupResponse.class
org/serviceproject/selffollowup/dto/SelfFollowUpRequest.class
org/serviceproject/selffollowup/dto/SelfFollowUpResponse.class
org/serviceproject/reports/service/ReportService.class
org/serviceproject/users/entity/Role.class
org/serviceproject/ministries/mapper/MinistryMapperImpl.class
org/serviceproject/attendance/dto/AttendanceRecordResponse.class
org/serviceproject/academic/dto/PromotionMappingRequest.class
org/serviceproject/confession/dto/ConfessionSessionDto.class
org/serviceproject/audit/dto/AuditLogResponse.class
org/serviceproject/attendance/repository/AttendanceRecordRepository.class
org/serviceproject/classes/service/GradeClassService.class
org/serviceproject/students/entity/StudentStatus.class
org/serviceproject/confession/dto/ConfessionResponse.class
org/serviceproject/weeks/controller/WeekController.class
org/serviceproject/archive/service/ArchiveService.class
org/serviceproject/notifications/service/NotificationService.class
org/serviceproject/notifications/repository/NotificationRepository.class
org/serviceproject/students/dto/UpdateStudentRequest.class
org/serviceproject/visits/entity/VisitMethod.class
org/serviceproject/settings/service/SettingsService.class
org/serviceproject/statistics/dto/ServantStatisticsSummary.class
org/serviceproject/staff/dto/CreateServantRequest.class
org/serviceproject/archive/dto/DeletedPersonResponse.class
org/serviceproject/students/controller/StudentController.class
org/serviceproject/staff/entity/StaffPlacement.class
org/serviceproject/users/dto/CreateUserRequest.class
org/serviceproject/students/dto/StudentResponse.class
org/serviceproject/notifications/entity/NotificationType.class
org/serviceproject/statistics/dto/StudentStatisticsResponse.class
org/serviceproject/common/dto/PageResponse.class
org/serviceproject/students/dto/CreateStudentRequest.class
org/serviceproject/visits/dto/ServantCurrentWeekResponse.class
org/serviceproject/statistics/dto/ClassStatisticsResponse.class
org/serviceproject/staff/repository/StaffPlacementRepository.class
org/serviceproject/common/exception/AppException.class
org/serviceproject/statistics/dto/DashboardStatisticsResponse.class
org/serviceproject/audit/repository/AuditLogRepository.class
org/serviceproject/selffollowup/dto/SelfFollowUpStatsResponse.class
org/serviceproject/staff/dto/ServantResponse.class
org/serviceproject/auth/controller/AuthController.class
org/serviceproject/audit/service/AuditService.class
org/serviceproject/academic/controller/PromotionController.class
org/serviceproject/users/dto/UpdateUserRequest.class
org/serviceproject/common/security/UserPrincipal.class
org/serviceproject/weeks/repository/WeekRepository.class
org/serviceproject/classes/entity/GradeClass.class
org/serviceproject/common/config/AppProperties.class
org/serviceproject/notifications/entity/Notification.class
org/serviceproject/confession/dto/StudentConfessionSummaryDto.class
org/serviceproject/common/dto/ApiError.class
org/serviceproject/notifications/dto/NotificationResponse.class
org/serviceproject/confession/repository/ConfessionRecordRepository.class
org/serviceproject/auth/service/AuthService.class
org/serviceproject/ministries/entity/Ministry.class
org/serviceproject/academic/service/AcademicYearScheduler.class
org/serviceproject/users/entity/UserAccount.class
org/serviceproject/confession/service/ConfessionService.class
org/serviceproject/common/util/HttpUtil.class
org/serviceproject/weeks/service/WeekScheduler.class
org/serviceproject/visits/entity/VisitRecord.class
org/serviceproject/academic/entity/PromotionMapping.class
org/serviceproject/academic/entity/AcademicYear.class
org/serviceproject/academic/repository/PromotionRunRepository.class
org/serviceproject/academic/entity/PromotionStatus.class
org/serviceproject/ministries/repository/MinistryRepository.class
org/serviceproject/visits/dto/UpdateVisitRequest.class
org/serviceproject/academic/service/PromotionService.class
org/serviceproject/attendance/controller/AttendanceController.class
org/serviceproject/attendance/entity/AttendanceSession.class
org/serviceproject/attendance/dto/CreateSessionRequest.class
org/serviceproject/statistics/service/StatisticsService.class
org/serviceproject/staff/controller/ServantController.class
org/serviceproject/classes/repository/GradeClassRepository.class
org/serviceproject/visits/dto/ServantStudentVisitItem.class
org/serviceproject/reports/service/ReportService$1.class
org/serviceproject/auth/dto/LoginRequest.class
org/serviceproject/confession/dto/CreateConfessionSessionRequest.class
org/serviceproject/ministries/dto/MinistryResponse.class
org/serviceproject/confession/service/ConfessionService$1SessionKey.class
org/serviceproject/visits/repository/VisitRecordRepository.class
org/serviceproject/common/util/CsvUtil.class
org/serviceproject/visits/dto/VisitResponse.class
org/serviceproject/academic/service/PromotionMappingService.class
org/serviceproject/classes/dto/GradeClassResponse.class
org/serviceproject/settings/dto/UpdateSettingRequest.class
org/serviceproject/ministries/service/MinistryService.class
org/serviceproject/academic/dto/PromotionRunResponse.class
org/serviceproject/selffollowup/controller/SelfFollowUpController.class
org/serviceproject/statistics/dto/AbsenceAlertResponse.class
org/serviceproject/ministries/mapper/MinistryMapper.class
org/serviceproject/auth/service/DataInitializer.class
org/serviceproject/selffollowup/service/SelfFollowUpService.class
org/serviceproject/attendance/dto/SessionDetailResponse.class
org/serviceproject/confession/controller/ConfessionController.class
org/serviceproject/selffollowup/dto/SelfFollowUpStatsResponse$WeeklyTrendPoint.class
org/serviceproject/weeks/service/WeekService.class
org/serviceproject/ministries/dto/MinistryRequest.class
org/serviceproject/confession/dto/UpdateConfessionRequest.class
org/serviceproject/visits/dto/VisitRequest.class
org/serviceproject/ministries/controller/MinistryController.class
org/serviceproject/selffollowup/repository/ServantWeeklyFollowUpRepository.class
org/serviceproject/users/repository/UserAccountRepository.class
org/serviceproject/audit/listener/AuditEventListener.class
org/serviceproject/visits/dto/VisitSummaryDto.class
org/serviceproject/confession/dto/ConfessionSessionDto$SessionStudentDto.class
org/serviceproject/statistics/dto/WeeklyTrendDataPoint.class
org/serviceproject/students/repository/StudentPlacementRepository.class
org/serviceproject/academic/repository/PromotionMappingRepository.class
org/serviceproject/confession/entity/ConfessionRecord.class
org/serviceproject/auth/dto/ChangePasswordRequest.class
org/serviceproject/search/service/SearchService.class
org/serviceproject/academic/controller/PromotionMappingController.class
org/serviceproject/staff/service/ServantService.class
org/serviceproject/settings/dto/SettingResponse.class
org/serviceproject/weeks/entity/Week.class
org/serviceproject/common/security/RoleWithScope.class
org/serviceproject/auth/dto/UserInfoResponse.class
org/serviceproject/common/entity/BaseEntity.class
org/serviceproject/users/service/UserService.class
org/serviceproject/students/service/StudentService.class
org/serviceproject/search/controller/SearchController.class
org/serviceproject/statistics/dto/MinistryStatisticsResponse.class
org/serviceproject/settings/repository/SystemSettingRepository.class
org/serviceproject/statistics/dto/ClassStatisticsSummary.class
org/serviceproject/audit/entity/AuditLog.class
org/serviceproject/reports/dto/ConfessionReportFilter.class
org/serviceproject/users/dto/AssignRolesRequest.class
org/serviceproject/confession/dto/CreateConfessionRequest.class
org/serviceproject/common/security/JwtAuthenticationFilter.class
org/serviceproject/attendance/dto/ToggleAttendanceRequest.class
