/home/peter/IdeaProjects/service-project/src/main/java/org/serviceproject/ServiceProjectApplication.java
/home/peter/IdeaProjects/service-project/src/main/java/org/serviceproject/academic/controller/AcademicYearController.java
/home/peter/IdeaProjects/service-project/src/main/java/org/serviceproject/academic/controller/PromotionController.java
/home/peter/IdeaProjects/service-project/src/main/java/org/serviceproject/academic/controller/PromotionMappingController.java
/home/peter/IdeaProjects/service-project/src/main/java/org/serviceproject/academic/dto/AcademicYearResponse.java
/home/peter/IdeaProjects/service-project/src/main/java/org/serviceproject/academic/dto/PromotionMappingRequest.java
/home/peter/IdeaProjects/service-project/src/main/java/org/serviceproject/academic/dto/PromotionMappingResponse.java
/home/peter/IdeaProjects/service-project/src/main/java/org/serviceproject/academic/dto/PromotionRunResponse.java
/home/peter/IdeaProjects/service-project/src/main/java/org/serviceproject/academic/entity/AcademicYear.java
/home/peter/IdeaProjects/service-project/src/main/java/org/serviceproject/academic/entity/PromotionMapping.java
/home/peter/IdeaProjects/service-project/src/main/java/org/serviceproject/academic/entity/PromotionRun.java
/home/peter/IdeaProjects/service-project/src/main/java/org/serviceproject/academic/entity/PromotionStatus.java
/home/peter/IdeaProjects/service-project/src/main/java/org/serviceproject/academic/repository/AcademicYearRepository.java
/home/peter/IdeaProjects/service-project/src/main/java/org/serviceproject/academic/repository/PromotionMappingRepository.java
/home/peter/IdeaProjects/service-project/src/main/java/org/serviceproject/academic/repository/PromotionRunRepository.java
/home/peter/IdeaProjects/service-project/src/main/java/org/serviceproject/academic/service/AcademicYearScheduler.java
/home/peter/IdeaProjects/service-project/src/main/java/org/serviceproject/academic/service/AcademicYearService.java
/home/peter/IdeaProjects/service-project/src/main/java/org/serviceproject/academic/service/PromotionMappingService.java
/home/peter/IdeaProjects/service-project/src/main/java/org/serviceproject/academic/service/PromotionService.java
/home/peter/IdeaProjects/service-project/src/main/java/org/serviceproject/archive/controller/ArchiveController.java
/home/peter/IdeaProjects/service-project/src/main/java/org/serviceproject/archive/dto/ArchiveSummaryResponse.java
/home/peter/IdeaProjects/service-project/src/main/java/org/serviceproject/archive/dto/DeletedPersonResponse.java
/home/peter/IdeaProjects/service-project/src/main/java/org/serviceproject/archive/service/ArchiveService.java
/home/peter/IdeaProjects/service-project/src/main/java/org/serviceproject/attendance/controller/AttendanceController.java
/home/peter/IdeaProjects/service-project/src/main/java/org/serviceproject/attendance/dto/AttendanceRecordResponse.java
/home/peter/IdeaProjects/service-project/src/main/java/org/serviceproject/attendance/dto/AttendanceSessionResponse.java
/home/peter/IdeaProjects/service-project/src/main/java/org/serviceproject/attendance/dto/BatchToggleAttendanceRequest.java
/home/peter/IdeaProjects/service-project/src/main/java/org/serviceproject/attendance/dto/CreateSessionRequest.java
/home/peter/IdeaProjects/service-project/src/main/java/org/serviceproject/attendance/dto/SessionDetailResponse.java
/home/peter/IdeaProjects/service-project/src/main/java/org/serviceproject/attendance/dto/ToggleAttendanceRequest.java
/home/peter/IdeaProjects/service-project/src/main/java/org/serviceproject/attendance/entity/ActivityType.java
/home/peter/IdeaProjects/service-project/src/main/java/org/serviceproject/attendance/entity/AttendanceRecord.java
/home/peter/IdeaProjects/service-project/src/main/java/org/serviceproject/attendance/entity/AttendanceSession.java
/home/peter/IdeaProjects/service-project/src/main/java/org/serviceproject/attendance/repository/AttendanceRecordRepository.java
/home/peter/IdeaProjects/service-project/src/main/java/org/serviceproject/attendance/repository/AttendanceSessionRepository.java
/home/peter/IdeaProjects/service-project/src/main/java/org/serviceproject/attendance/service/AttendanceService.java
/home/peter/IdeaProjects/service-project/src/main/java/org/serviceproject/audit/controller/AuditLogController.java
/home/peter/IdeaProjects/service-project/src/main/java/org/serviceproject/audit/dto/AuditLogFilter.java
/home/peter/IdeaProjects/service-project/src/main/java/org/serviceproject/audit/dto/AuditLogResponse.java
/home/peter/IdeaProjects/service-project/src/main/java/org/serviceproject/audit/entity/AuditAction.java
/home/peter/IdeaProjects/service-project/src/main/java/org/serviceproject/audit/entity/AuditLog.java
/home/peter/IdeaProjects/service-project/src/main/java/org/serviceproject/audit/event/AuditEvent.java
/home/peter/IdeaProjects/service-project/src/main/java/org/serviceproject/audit/listener/AuditEventListener.java
/home/peter/IdeaProjects/service-project/src/main/java/org/serviceproject/audit/repository/AuditLogRepository.java
/home/peter/IdeaProjects/service-project/src/main/java/org/serviceproject/audit/service/AuditService.java
/home/peter/IdeaProjects/service-project/src/main/java/org/serviceproject/auth/controller/AuthController.java
/home/peter/IdeaProjects/service-project/src/main/java/org/serviceproject/auth/dto/ChangePasswordRequest.java
/home/peter/IdeaProjects/service-project/src/main/java/org/serviceproject/auth/dto/LoginRequest.java
/home/peter/IdeaProjects/service-project/src/main/java/org/serviceproject/auth/dto/LoginResponse.java
/home/peter/IdeaProjects/service-project/src/main/java/org/serviceproject/auth/dto/RoleInfo.java
/home/peter/IdeaProjects/service-project/src/main/java/org/serviceproject/auth/dto/UserInfoResponse.java
/home/peter/IdeaProjects/service-project/src/main/java/org/serviceproject/auth/service/AuthService.java
/home/peter/IdeaProjects/service-project/src/main/java/org/serviceproject/auth/service/DataInitializer.java
/home/peter/IdeaProjects/service-project/src/main/java/org/serviceproject/classes/controller/GradeClassController.java
/home/peter/IdeaProjects/service-project/src/main/java/org/serviceproject/classes/dto/GradeClassRequest.java
/home/peter/IdeaProjects/service-project/src/main/java/org/serviceproject/classes/dto/GradeClassResponse.java
/home/peter/IdeaProjects/service-project/src/main/java/org/serviceproject/classes/entity/GradeClass.java
/home/peter/IdeaProjects/service-project/src/main/java/org/serviceproject/classes/repository/GradeClassRepository.java
/home/peter/IdeaProjects/service-project/src/main/java/org/serviceproject/classes/service/GradeClassService.java
/home/peter/IdeaProjects/service-project/src/main/java/org/serviceproject/common/config/AppProperties.java
/home/peter/IdeaProjects/service-project/src/main/java/org/serviceproject/common/config/JwtProperties.java
/home/peter/IdeaProjects/service-project/src/main/java/org/serviceproject/common/dto/ApiError.java
/home/peter/IdeaProjects/service-project/src/main/java/org/serviceproject/common/dto/PageResponse.java
/home/peter/IdeaProjects/service-project/src/main/java/org/serviceproject/common/entity/BaseEntity.java
/home/peter/IdeaProjects/service-project/src/main/java/org/serviceproject/common/exception/AppException.java
/home/peter/IdeaProjects/service-project/src/main/java/org/serviceproject/common/exception/GlobalExceptionHandler.java
/home/peter/IdeaProjects/service-project/src/main/java/org/serviceproject/common/security/JwtAuthenticationFilter.java
/home/peter/IdeaProjects/service-project/src/main/java/org/serviceproject/common/security/JwtProvider.java
/home/peter/IdeaProjects/service-project/src/main/java/org/serviceproject/common/security/RoleWithScope.java
/home/peter/IdeaProjects/service-project/src/main/java/org/serviceproject/common/security/SecurityConfig.java
/home/peter/IdeaProjects/service-project/src/main/java/org/serviceproject/common/security/UserPrincipal.java
/home/peter/IdeaProjects/service-project/src/main/java/org/serviceproject/common/util/CsvUtil.java
/home/peter/IdeaProjects/service-project/src/main/java/org/serviceproject/common/util/DateUtil.java
/home/peter/IdeaProjects/service-project/src/main/java/org/serviceproject/common/util/HttpUtil.java
/home/peter/IdeaProjects/service-project/src/main/java/org/serviceproject/confession/controller/ConfessionController.java
/home/peter/IdeaProjects/service-project/src/main/java/org/serviceproject/confession/dto/ConfessionResponse.java
/home/peter/IdeaProjects/service-project/src/main/java/org/serviceproject/confession/dto/ConfessionSessionDto.java
/home/peter/IdeaProjects/service-project/src/main/java/org/serviceproject/confession/dto/CreateConfessionRequest.java
/home/peter/IdeaProjects/service-project/src/main/java/org/serviceproject/confession/dto/CreateConfessionSessionRequest.java
/home/peter/IdeaProjects/service-project/src/main/java/org/serviceproject/confession/dto/StudentConfessionSummaryDto.java
/home/peter/IdeaProjects/service-project/src/main/java/org/serviceproject/confession/dto/UpdateConfessionRequest.java
/home/peter/IdeaProjects/service-project/src/main/java/org/serviceproject/confession/entity/ConfessionRecord.java
/home/peter/IdeaProjects/service-project/src/main/java/org/serviceproject/confession/repository/ConfessionRecordRepository.java
/home/peter/IdeaProjects/service-project/src/main/java/org/serviceproject/confession/service/ConfessionService.java
/home/peter/IdeaProjects/service-project/src/main/java/org/serviceproject/ministries/controller/MinistryController.java
/home/peter/IdeaProjects/service-project/src/main/java/org/serviceproject/ministries/dto/AssignSecretaryRequest.java
/home/peter/IdeaProjects/service-project/src/main/java/org/serviceproject/ministries/dto/MinistryRequest.java
/home/peter/IdeaProjects/service-project/src/main/java/org/serviceproject/ministries/dto/MinistryResponse.java
/home/peter/IdeaProjects/service-project/src/main/java/org/serviceproject/ministries/entity/Ministry.java
/home/peter/IdeaProjects/service-project/src/main/java/org/serviceproject/ministries/mapper/MinistryMapper.java
/home/peter/IdeaProjects/service-project/src/main/java/org/serviceproject/ministries/repository/MinistryRepository.java
/home/peter/IdeaProjects/service-project/src/main/java/org/serviceproject/ministries/service/MinistryService.java
/home/peter/IdeaProjects/service-project/src/main/java/org/serviceproject/notifications/controller/NotificationController.java
/home/peter/IdeaProjects/service-project/src/main/java/org/serviceproject/notifications/dto/NotificationResponse.java
/home/peter/IdeaProjects/service-project/src/main/java/org/serviceproject/notifications/dto/UnreadCountResponse.java
/home/peter/IdeaProjects/service-project/src/main/java/org/serviceproject/notifications/entity/Notification.java
/home/peter/IdeaProjects/service-project/src/main/java/org/serviceproject/notifications/entity/NotificationType.java
/home/peter/IdeaProjects/service-project/src/main/java/org/serviceproject/notifications/mapper/NotificationMapper.java
/home/peter/IdeaProjects/service-project/src/main/java/org/serviceproject/notifications/repository/NotificationRepository.java
/home/peter/IdeaProjects/service-project/src/main/java/org/serviceproject/notifications/scheduler/ReminderScheduler.java
/home/peter/IdeaProjects/service-project/src/main/java/org/serviceproject/notifications/service/NotificationService.java
/home/peter/IdeaProjects/service-project/src/main/java/org/serviceproject/reports/controller/ReportController.java
/home/peter/IdeaProjects/service-project/src/main/java/org/serviceproject/reports/dto/AttendanceReportFilter.java
/home/peter/IdeaProjects/service-project/src/main/java/org/serviceproject/reports/dto/ConfessionReportFilter.java
/home/peter/IdeaProjects/service-project/src/main/java/org/serviceproject/reports/dto/StudentReportFilter.java
/home/peter/IdeaProjects/service-project/src/main/java/org/serviceproject/reports/dto/VisitReportFilter.java
/home/peter/IdeaProjects/service-project/src/main/java/org/serviceproject/reports/service/ReportService.java
/home/peter/IdeaProjects/service-project/src/main/java/org/serviceproject/search/controller/SearchController.java
/home/peter/IdeaProjects/service-project/src/main/java/org/serviceproject/search/dto/SearchResultResponse.java
/home/peter/IdeaProjects/service-project/src/main/java/org/serviceproject/search/service/SearchService.java
/home/peter/IdeaProjects/service-project/src/main/java/org/serviceproject/selffollowup/controller/SelfFollowUpController.java
/home/peter/IdeaProjects/service-project/src/main/java/org/serviceproject/selffollowup/dto/SelfFollowUpCurrentWeekResponse.java
/home/peter/IdeaProjects/service-project/src/main/java/org/serviceproject/selffollowup/dto/SelfFollowUpRequest.java
/home/peter/IdeaProjects/service-project/src/main/java/org/serviceproject/selffollowup/dto/SelfFollowUpResponse.java
/home/peter/IdeaProjects/service-project/src/main/java/org/serviceproject/selffollowup/dto/SelfFollowUpStatsResponse.java
/home/peter/IdeaProjects/service-project/src/main/java/org/serviceproject/selffollowup/entity/ServantWeeklyFollowUp.java
/home/peter/IdeaProjects/service-project/src/main/java/org/serviceproject/selffollowup/repository/ServantWeeklyFollowUpRepository.java
/home/peter/IdeaProjects/service-project/src/main/java/org/serviceproject/selffollowup/service/SelfFollowUpService.java
/home/peter/IdeaProjects/service-project/src/main/java/org/serviceproject/settings/controller/SettingsController.java
/home/peter/IdeaProjects/service-project/src/main/java/org/serviceproject/settings/dto/PublicSettingsResponse.java
/home/peter/IdeaProjects/service-project/src/main/java/org/serviceproject/settings/dto/SettingResponse.java
/home/peter/IdeaProjects/service-project/src/main/java/org/serviceproject/settings/dto/UpdateSettingRequest.java
/home/peter/IdeaProjects/service-project/src/main/java/org/serviceproject/settings/entity/SystemSetting.java
/home/peter/IdeaProjects/service-project/src/main/java/org/serviceproject/settings/repository/SystemSettingRepository.java
/home/peter/IdeaProjects/service-project/src/main/java/org/serviceproject/settings/service/SettingsService.java
/home/peter/IdeaProjects/service-project/src/main/java/org/serviceproject/staff/controller/ServantController.java
/home/peter/IdeaProjects/service-project/src/main/java/org/serviceproject/staff/dto/CreateServantRequest.java
/home/peter/IdeaProjects/service-project/src/main/java/org/serviceproject/staff/dto/ServantResponse.java
/home/peter/IdeaProjects/service-project/src/main/java/org/serviceproject/staff/dto/UpdateServantRequest.java
/home/peter/IdeaProjects/service-project/src/main/java/org/serviceproject/staff/entity/StaffPlacement.java
/home/peter/IdeaProjects/service-project/src/main/java/org/serviceproject/staff/repository/StaffPlacementRepository.java
/home/peter/IdeaProjects/service-project/src/main/java/org/serviceproject/staff/service/ServantService.java
/home/peter/IdeaProjects/service-project/src/main/java/org/serviceproject/statistics/controller/StatisticsController.java
/home/peter/IdeaProjects/service-project/src/main/java/org/serviceproject/statistics/dto/AbsenceAlertResponse.java
/home/peter/IdeaProjects/service-project/src/main/java/org/serviceproject/statistics/dto/AdminSetupResponse.java
/home/peter/IdeaProjects/service-project/src/main/java/org/serviceproject/statistics/dto/ClassStatisticsResponse.java
/home/peter/IdeaProjects/service-project/src/main/java/org/serviceproject/statistics/dto/ClassStatisticsSummary.java
/home/peter/IdeaProjects/service-project/src/main/java/org/serviceproject/statistics/dto/DashboardStatisticsResponse.java
/home/peter/IdeaProjects/service-project/src/main/java/org/serviceproject/statistics/dto/MinistryStatisticsResponse.java
/home/peter/IdeaProjects/service-project/src/main/java/org/serviceproject/statistics/dto/ServantStatisticsResponse.java
/home/peter/IdeaProjects/service-project/src/main/java/org/serviceproject/statistics/dto/ServantStatisticsSummary.java
/home/peter/IdeaProjects/service-project/src/main/java/org/serviceproject/statistics/dto/StudentStatisticsResponse.java
/home/peter/IdeaProjects/service-project/src/main/java/org/serviceproject/statistics/dto/WeeklyTrendDataPoint.java
/home/peter/IdeaProjects/service-project/src/main/java/org/serviceproject/statistics/service/StatisticsService.java
/home/peter/IdeaProjects/service-project/src/main/java/org/serviceproject/students/controller/StudentController.java
/home/peter/IdeaProjects/service-project/src/main/java/org/serviceproject/students/dto/BatchAssignServantRequest.java
/home/peter/IdeaProjects/service-project/src/main/java/org/serviceproject/students/dto/BatchMoveClassRequest.java
/home/peter/IdeaProjects/service-project/src/main/java/org/serviceproject/students/dto/ChangeAssignmentRequest.java
/home/peter/IdeaProjects/service-project/src/main/java/org/serviceproject/students/dto/CreateStudentRequest.java
/home/peter/IdeaProjects/service-project/src/main/java/org/serviceproject/students/dto/StudentResponse.java
/home/peter/IdeaProjects/service-project/src/main/java/org/serviceproject/students/dto/UpdateStudentRequest.java
/home/peter/IdeaProjects/service-project/src/main/java/org/serviceproject/students/entity/StudentPlacement.java
/home/peter/IdeaProjects/service-project/src/main/java/org/serviceproject/students/entity/StudentStatus.java
/home/peter/IdeaProjects/service-project/src/main/java/org/serviceproject/students/repository/StudentPlacementRepository.java
/home/peter/IdeaProjects/service-project/src/main/java/org/serviceproject/students/service/StudentService.java
/home/peter/IdeaProjects/service-project/src/main/java/org/serviceproject/users/controller/UserController.java
/home/peter/IdeaProjects/service-project/src/main/java/org/serviceproject/users/dto/AssignRolesRequest.java
/home/peter/IdeaProjects/service-project/src/main/java/org/serviceproject/users/dto/CreateUserForPersonRequest.java
/home/peter/IdeaProjects/service-project/src/main/java/org/serviceproject/users/dto/CreateUserRequest.java
/home/peter/IdeaProjects/service-project/src/main/java/org/serviceproject/users/dto/ResetPasswordRequest.java
/home/peter/IdeaProjects/service-project/src/main/java/org/serviceproject/users/dto/UpdateUserRequest.java
/home/peter/IdeaProjects/service-project/src/main/java/org/serviceproject/users/dto/UserResponse.java
/home/peter/IdeaProjects/service-project/src/main/java/org/serviceproject/users/entity/Gender.java
/home/peter/IdeaProjects/service-project/src/main/java/org/serviceproject/users/entity/Person.java
/home/peter/IdeaProjects/service-project/src/main/java/org/serviceproject/users/entity/Role.java
/home/peter/IdeaProjects/service-project/src/main/java/org/serviceproject/users/entity/UserAccount.java
/home/peter/IdeaProjects/service-project/src/main/java/org/serviceproject/users/entity/UserRole.java
/home/peter/IdeaProjects/service-project/src/main/java/org/serviceproject/users/repository/PersonRepository.java
/home/peter/IdeaProjects/service-project/src/main/java/org/serviceproject/users/repository/UserAccountRepository.java
/home/peter/IdeaProjects/service-project/src/main/java/org/serviceproject/users/service/UserService.java
/home/peter/IdeaProjects/service-project/src/main/java/org/serviceproject/visits/controller/VisitController.java
/home/peter/IdeaProjects/service-project/src/main/java/org/serviceproject/visits/dto/ServantCurrentWeekResponse.java
/home/peter/IdeaProjects/service-project/src/main/java/org/serviceproject/visits/dto/ServantStudentVisitItem.java
/home/peter/IdeaProjects/service-project/src/main/java/org/serviceproject/visits/dto/UpdateVisitRequest.java
/home/peter/IdeaProjects/service-project/src/main/java/org/serviceproject/visits/dto/VisitRequest.java
/home/peter/IdeaProjects/service-project/src/main/java/org/serviceproject/visits/dto/VisitResponse.java
/home/peter/IdeaProjects/service-project/src/main/java/org/serviceproject/visits/dto/VisitSummaryDto.java
/home/peter/IdeaProjects/service-project/src/main/java/org/serviceproject/visits/entity/VisitMethod.java
/home/peter/IdeaProjects/service-project/src/main/java/org/serviceproject/visits/entity/VisitRecord.java
/home/peter/IdeaProjects/service-project/src/main/java/org/serviceproject/visits/repository/VisitRecordRepository.java
/home/peter/IdeaProjects/service-project/src/main/java/org/serviceproject/visits/service/VisitService.java
/home/peter/IdeaProjects/service-project/src/main/java/org/serviceproject/weeks/controller/WeekController.java
/home/peter/IdeaProjects/service-project/src/main/java/org/serviceproject/weeks/dto/WeekRequest.java
/home/peter/IdeaProjects/service-project/src/main/java/org/serviceproject/weeks/dto/WeekResponse.java
/home/peter/IdeaProjects/service-project/src/main/java/org/serviceproject/weeks/entity/Week.java
/home/peter/IdeaProjects/service-project/src/main/java/org/serviceproject/weeks/repository/WeekRepository.java
/home/peter/IdeaProjects/service-project/src/main/java/org/serviceproject/weeks/service/WeekScheduler.java
/home/peter/IdeaProjects/service-project/src/main/java/org/serviceproject/weeks/service/WeekService.java
